## branch
main

## latest commits
5b04ab9 (HEAD -> main) docs: Added the S04 evidence assessment that supersedes the S02 placeho…
ea9826a docs: Tightened External-auth and trusted-proxy cookie docs with tracke…
5e6b4c0 feat: Centralized session-cookie Secure decisions on ASGI scheme and co…
414a281 docs: Recorded the final docs-review gate outcome with passing docs che…
c3d724a chore: auto-commit after reactive-execute
40d7baa docs: Retired the stale configurable config-directory TODO and reconcil…
a3f09ad docs: Updated README install, config, and security guidance to match cu…
ef423c9 chore: auto-commit after reactive-execute

## tracked doc commits touching README SECURITY TODO
ea9826a docs: Tightened External-auth and trusted-proxy cookie docs with tracke…
c3d724a chore: auto-commit after reactive-execute
40d7baa docs: Retired the stale configurable config-directory TODO and reconcil…
a3f09ad docs: Updated README install, config, and security guidance to match cu…
091f6a4 docs: bust GitHub image cache for updated screenshots
5765d8a docs: update README screenshots to reflect current UI
111da8c fix(53): correct false "no new endpoint" claim and align alt texts with screenshots
944a86f docs(53-02): update README screenshot alt texts to mention Lidarr and v2.5 UI (DOCS-01)
5d32b1c docs: add CONTRIBUTING.md, SECURITY.md, and LICENSE
5b046d8 release: v2.7.0 — Lidarr support, in-app changelog
3c20e94 docs: add TRUSTED_PROXY_IPS and ROOT_PATH reverse proxy documentation (#14)
58b9856 fix: change default port to 8484 (6868 conflicts with Profilarr)

## tracked code/test commits touching S04 files
ea9826a docs: Tightened External-auth and trusted-proxy cookie docs with tracke…
5e6b4c0 feat: Centralized session-cookie Secure decisions on ASGI scheme and co…
ecafd9a fix: redirect /setup to /login when auth already configured instead of bare 404
915299b fix(59): address re-review findings — double-encoding bypass, eviction sentinel
3bf8b75 fix(59): address all deep review findings — log oracle, 429 status, SSRF gap, docs
3cb80d2 feat(59-03): periodic auth-disabled warning + changelog security boundary docs
31e2f06 feat(59-04): sanitize API key exposure and log messages in routes.py
0297627 feat(59-01): implement in-memory sliding window rate limiter (GREEN)
6805873 test(59-01): add failing rate limiter tests (RED)
6bbb049 refactor(58): consolidate unittest.mock.patch import to module level
0472e57 fix(58): address pass-2 review — ROOT_PATH regression, fixture scope, import placement
ec81ed3 fix(58): address deep review findings — test isolation, expired cookie patch, open redirect defense-in-depth
