F                                                                        [100%]
=================================== FAILURES ===================================
______ test_basic_auth_ignores_spoofed_forwarded_proto_for_secure_cookie _______

    def test_basic_auth_ignores_spoofed_forwarded_proto_for_secure_cookie():
        """HTTP Basic auth with spoofed X-Forwarded-Proto must not set Secure."""
        auth = _configured_auth(method="Basic")
        client = TestClient(_make_auth_app(auth))
        response = client.get(
            "/",
            headers={"Authorization": _basic_auth_header(), "X-Forwarded-Proto": "https"},
        )
        assert response.status_code == 200
        set_cookie = response.headers.get("set-cookie", "")
        assert "triggarr_session" in set_cookie
>       assert "Secure" not in set_cookie
E       AssertionError: assert 'Secure' not in 'triggarr_se...=lax; Secure'
E         
E         'Secure' is contained here:
E           eSite=lax; Secure
E         ?            ++++++

tests/test_auth_middleware.py:263: AssertionError
=========================== short test summary info ============================
FAILED tests/test_auth_middleware.py::test_basic_auth_ignores_spoofed_forwarded_proto_for_secure_cookie
1 failed in 0.40s
