
## RANGE a3f09ad^..HEAD
 README.md   | 139 ++++++++++++++++++++++++++++++++++++------------------------
 SECURITY.md |  37 ++++++++++++----
 TODO.md     |   7 ++-
 3 files changed, 115 insertions(+), 68 deletions(-)
commits:
ea9826a docs: Tightened External-auth and trusted-proxy cookie docs with tracke…
c3d724a chore: auto-commit after reactive-execute
40d7baa docs: Retired the stale configurable config-directory TODO and reconcil…
a3f09ad docs: Updated README install, config, and security guidance to match cu…
changed headings summary:
diff --git a/README.md b/README.md
@@ -73 +73 @@ volumes:
@@ -75 +75 @@ Run `docker compose up -d`, then visit [http://localhost:8484](http://localhost:
@@ -79 +79 @@ On first run, a default config file is auto-generated at `/config/triggarr.toml`
@@ -82 +82 @@ Requires Python 3.11+. Download the `.whl` from the [latest release](https://git
@@ -85 +85 @@ pip install https://github.com/thejuran/triggarr/releases/latest/download/trigga
@@ -93 +93 @@ triggarr
@@ -117 +117,3 @@ WantedBy=multi-user.target
@@ -124 +126 @@ All settings live in `/config/triggarr.toml`. You can also edit everything from
@@ -128,31 +130,49 @@ log_level = "info"                  # default: "info"
-# Radarr connection settings
-# Sonarr connection settings
-# Lidarr connection settings
+# Optional scheduler/API tuning defaults:
+# request_timeout = 30.0
+# page_size = 50
+# max_history_rows = 1000
+# tracking_window_minutes = 60
+# skip_unreleased = true
+# The web setup flow creates auth.username, auth.password_hash,
+# auth.api_key, and auth.session_secret. Do not copy example secrets.
@@ -161 +181 @@ search_cutoff_count = 5             # default: 5 (cutoff/upgrade albums to searc
@@ -165 +185 @@ Environment variable overrides are supported via pydantic-settings (e.g., `TRIGG
@@ -167 +187 @@ Triggarr has **no authentication**. This is intentional.
-### Design philosophy
+### Authentication modes
@@ -169 +189 @@ Triggarr has **no authentication**. This is intentional.
@@ -171 +191,4 @@ Triggarr is designed to run on a trusted local network -- behind Tailscale, a VP
-### What IS protected
@@ -173,7 +196 @@ Triggarr is designed to run on a trusted local network -- behind Tailscale, a VP
@@ -181 +198 @@ Triggarr is designed to run on a trusted local network -- behind Tailscale, a VP
-### What is NOT protected
+### What IS protected
@@ -183 +200,11 @@ Triggarr is designed to run on a trusted local network -- behind Tailscale, a VP
@@ -187 +214 @@ Anyone with network access to port 8484 can view the dashboard and edit configur
@@ -191 +218 @@ Bind to localhost (`127.0.0.1:8484:8484` as shown in the docker-compose example)
@@ -210 +237 @@ services:
diff --git a/SECURITY.md b/SECURITY.md
@@ -18 +18,9 @@ Please use [GitHub's private vulnerability reporting](https://github.com/thejura
+### Authentication and Access Control
@@ -22,2 +30,3 @@ Triggarr is a single-process automation daemon that connects to Radarr and Sonar
@@ -26,0 +36 @@ Triggarr is a single-process automation daemon that connects to Radarr and Sonar
@@ -27,0 +38 @@ Triggarr is a single-process automation daemon that connects to Radarr and Sonar
@@ -29 +40 @@ Triggarr is a single-process automation daemon that connects to Radarr and Sonar
@@ -31 +42 @@ Triggarr is a single-process automation daemon that connects to Radarr and Sonar
-### Data Integrity
+### Data Integrity and Runtime Paths
@@ -33 +44,3 @@ Triggarr is a single-process automation daemon that connects to Radarr and Sonar
@@ -38,2 +51,10 @@ Triggarr is a single-process automation daemon that connects to Radarr and Sonar
+## Deployment Recommendations
diff --git a/TODO.md b/TODO.md
@@ -3,4 +3,3 @@
-## Make config directory configurable (GitHub issue)

## RANGE 40d7baa^..HEAD
 README.md   | 13 +++++++------
 SECURITY.md | 37 +++++++++++++++++++++++++++++--------
 TODO.md     |  7 +++----
 3 files changed, 39 insertions(+), 18 deletions(-)
commits:
ea9826a docs: Tightened External-auth and trusted-proxy cookie docs with tracke…
c3d724a chore: auto-commit after reactive-execute
40d7baa docs: Retired the stale configurable config-directory TODO and reconcil…
changed headings summary:
diff --git a/README.md b/README.md
@@ -75 +75 @@ Run `docker compose up -d`, then visit [http://localhost:8484](http://localhost:
@@ -193 +193 @@ Configured in `[auth]` as `method`:
@@ -204,0 +205 @@ Requests may also authenticate with `X-Api-Key` when `auth.api_key` is set. The
@@ -208 +209 @@ Requests may also authenticate with `X-Api-Key` when `auth.api_key` is set. The
@@ -213 +214 @@ Requests may also authenticate with `X-Api-Key` when `auth.api_key` is set. The
@@ -217 +218 @@ Keep the compose example's localhost bind (`127.0.0.1:8484:8484`) unless Triggar
@@ -236 +237 @@ services:
diff --git a/SECURITY.md b/SECURITY.md
@@ -18 +18,9 @@ Please use [GitHub's private vulnerability reporting](https://github.com/thejura
+### Authentication and Access Control
@@ -22,2 +30,3 @@ Triggarr is a single-process automation daemon that connects to Radarr and Sonar
@@ -26,0 +36 @@ Triggarr is a single-process automation daemon that connects to Radarr and Sonar
@@ -27,0 +38 @@ Triggarr is a single-process automation daemon that connects to Radarr and Sonar
@@ -29 +40 @@ Triggarr is a single-process automation daemon that connects to Radarr and Sonar
@@ -31 +42 @@ Triggarr is a single-process automation daemon that connects to Radarr and Sonar
-### Data Integrity
+### Data Integrity and Runtime Paths
@@ -33 +44,3 @@ Triggarr is a single-process automation daemon that connects to Radarr and Sonar
@@ -38,2 +51,10 @@ Triggarr is a single-process automation daemon that connects to Radarr and Sonar
+## Deployment Recommendations
diff --git a/TODO.md b/TODO.md
@@ -3,4 +3,3 @@
-## Make config directory configurable (GitHub issue)

## RANGE ea9826a^..HEAD
 README.md   | 6 +++---
 SECURITY.md | 6 +++---
 2 files changed, 6 insertions(+), 6 deletions(-)
commits:
ea9826a docs: Tightened External-auth and trusted-proxy cookie docs with tracke…
changed headings summary:
diff --git a/README.md b/README.md
@@ -193 +193 @@ Configured in `[auth]` as `method`:
@@ -214 +214 @@ Requests may also authenticate with `X-Api-Key` when `auth.api_key` is set. The
@@ -218 +218 @@ Keep the compose example's localhost bind (`127.0.0.1:8484:8484`) unless Triggar
diff --git a/SECURITY.md b/SECURITY.md
@@ -23,2 +23,2 @@ Triggarr is a single-process automation daemon that connects to configured Radar
@@ -59 +59 @@ Triggarr is a single-process automation daemon that connects to configured Radar
