........................................................................ [  8%]
........................................................................ [ 16%]
........................................................................ [ 24%]
........................................................................ [ 32%]
........................................................................ [ 41%]
........................................................................ [ 49%]
........................................................................ [ 57%]
........................................................................ [ 65%]
........................................................................ [ 74%]
........................................................................ [ 82%]
........................................................................ [ 90%]
........................................................................ [ 98%]
.........                                                                [100%]
=============================== warnings summary ===============================
tests/test_auth_integration.py: 6 warnings
tests/test_auth_middleware.py: 5 warnings
tests/test_auth_routes.py: 16 warnings
  /Users/julianamacbook/triggarr/.venv/lib/python3.12/site-packages/starlette/testclient.py:445: DeprecationWarning: Setting per-request cookies=<...> is being deprecated, because the expected behaviour on cookie persistence is ambiguous. Set cookies directly on the client instance instead.
    return super().request(

-- Docs: https://docs.pytest.org/en/stable/how-to/capture-warnings.html
873 passed, 27 warnings in 19.22s
