## focused_config_startup
................................                                         [100%]
32 passed in 0.11s
RESULT focused_config_startup exit=0 duration=0s
## focused_auth_proxy_docs
........................................................................ [ 62%]
............................................                             [100%]
=============================== warnings summary ===============================
tests/test_auth_routes.py: 16 warnings
tests/test_auth_middleware.py: 5 warnings
  /Users/julianamacbook/triggarr/.venv/lib/python3.12/site-packages/starlette/testclient.py:445: DeprecationWarning: Setting per-request cookies=<...> is being deprecated, because the expected behaviour on cookie persistence is ambiguous. Set cookies directly on the client instance instead.
    return super().request(

-- Docs: https://docs.pytest.org/en/stable/how-to/capture-warnings.html
116 passed, 21 warnings in 11.19s
RESULT focused_auth_proxy_docs exit=0 duration=12s
## full_tests
........................................................................ [  8%]
........................................................................ [ 16%]
........................................................................ [ 24%]
........................................................................ [ 32%]
........................................................................ [ 41%]
........................................................................ [ 49%]
........................................................................ [ 57%]
........................................................................ [ 65%]
........................................................................ [ 74%]
........................................................................ [ 82%]
........................................................................ [ 90%]
........................................................................ [ 98%]
.........                                                                [100%]
=============================== warnings summary ===============================
tests/test_auth_integration.py: 6 warnings
tests/test_auth_middleware.py: 5 warnings
tests/test_auth_routes.py: 16 warnings
  /Users/julianamacbook/triggarr/.venv/lib/python3.12/site-packages/starlette/testclient.py:445: DeprecationWarning: Setting per-request cookies=<...> is being deprecated, because the expected behaviour on cookie persistence is ambiguous. Set cookies directly on the client instance instead.
    return super().request(

-- Docs: https://docs.pytest.org/en/stable/how-to/capture-warnings.html
873 passed, 27 warnings in 18.80s
RESULT full_tests exit=0 duration=19s
## ruff
All checks passed!
RESULT ruff exit=0 duration=0s
## operational_config_dir_smoke
cfg_dir=/private/var/folders/xq/3_d4916j6jl_5n6173p02lxw0000gn/T/tmp.KRamPcgXKK
config_path=/private/var/folders/xq/3_d4916j6jl_5n6173p02lxw0000gn/T/tmp.KRamPcgXKK/triggarr.toml exists=True
dynamic_config_path=/private/var/folders/xq/3_d4916j6jl_5n6173p02lxw0000gn/T/tmp.KRamPcgXKK/triggarr.toml
state_path=/private/var/folders/xq/3_d4916j6jl_5n6173p02lxw0000gn/T/tmp.KRamPcgXKK/state.json exists=True
db_path=/private/var/folders/xq/3_d4916j6jl_5n6173p02lxw0000gn/T/tmp.KRamPcgXKK/triggarr.db
RESULT operational_config_dir_smoke exit=0
FINAL_EXIT=0
