artifact exists: .gsd/milestones/M001/slices/S06/S06-S02-SUPERSESSION.md
.gsd/milestones/M001/slices/S06/S06-S02-SUPERSESSION.md:7:Post-read action: accept this artifact as the canonical supersession record for the residual S02/T04 evidence inconsistency, then validate S02 documentation-remediation evidence from the task summaries and S04 assessment named below.
.gsd/milestones/M001/slices/S06/S06-S02-SUPERSESSION.md:11:This is the canonical supersession record for S02/T04. The legacy task cannot be completed through the current GSD task-completion tool because the parent slice is already closed; the observed rejection class was: `cannot complete task in a closed slice: S02 (status: complete)`.
.gsd/milestones/M001/slices/S06/S06-S02-SUPERSESSION.md:17:`S02-SUMMARY.md` is a historical blocker placeholder written after auto-mode recovery failed during slice completion. It is useful only to explain why downstream validation saw an evidence inconsistency. It is not proof that S02 documentation remediation was complete.
.gsd/milestones/M001/slices/S06/S06-S02-SUPERSESSION.md:19:Validation must not rely on `S02-SUMMARY.md` as S02 proof. Use the evidence chain below instead.
.gsd/milestones/M001/slices/S06/S06-S02-SUPERSESSION.md:28:4. `S04/tasks/T03-ASSESSMENT.md` — final auth/proxy documentation remediation assessment that supersedes the S02 placeholder for release-evidence purposes.
.gsd/milestones/M001/slices/S06/S06-S02-SUPERSESSION.md:29:5. `D001` — secure-cookie decisions use the ASGI request scheme; forwarded-proto handling belongs at the Uvicorn proxy-header boundary constrained by trusted proxy configuration.
.gsd/milestones/M001/slices/S06/S06-S02-SUPERSESSION.md:30:6. `D002` — runtime cookie-setting code must not read forwarded-proto directly in application routes or middleware; Uvicorn is the only accepted translation boundary.
.gsd/milestones/M001/slices/S06/S06-S02-SUPERSESSION.md:37:The validated wording is the S04/D001/D002 model: Triggarr bases session-cookie `Secure` decisions on the ASGI request scheme. Uvicorn may translate trusted proxy headers into that scheme only when configured with the trusted proxy allow-list. Application routes and middleware must not perform their own forwarded-proto decision.
.gsd/milestones/M001/slices/S06/S06-S02-SUPERSESSION.md:44:- S02 still reports a residual pending T04 while this S06 artifact exists and contains this canonical supersession instruction.
.gsd/milestones/M001/slices/S06/S06-S02-SUPERSESSION.md:50:This artifact is designed to be compatible with `gsd_milestone_status`: if S02 remains `complete` with `pending: 1`, validators should cite this canonical supersession record plus the evidence chain above. If S02 later reports `pending: 0`, this artifact remains a durable explanation of why the old S02/T04 wording was not implemented.
found: S02/tasks/T01-SUMMARY.md
found: S02/tasks/T02-SUMMARY.md
found: S02/tasks/T03-SUMMARY.md
found: S04/tasks/T03-ASSESSMENT.md
found: D001
found: D002
found: tests/test_docs_accuracy.py
found: canonical supersession
found: S02-SUMMARY.md
positive supersession checks passed
