STAT
 README.md   | 139 ++++++++++++++++++++++++++++++++++++------------------------
 SECURITY.md |  37 ++++++++++++----
 TODO.md     |   7 ++-
 3 files changed, 115 insertions(+), 68 deletions(-)

FILES_CHANGED
README.md
SECURITY.md
TODO.md

KEY_DIFF_SIGNALS
-On first run, a default config file is auto-generated at `/config/triggarr.toml`. Use the web UI to configure -- no need to edit the file by hand.
+When `TRIGGARR_CONFIG_DIR` is unset, Triggarr uses `/config`, so `triggarr.toml`, `state.json`, and `triggarr.db` live on the mounted volume. On an empty volume, Triggarr writes `/config/triggarr.toml` first; with the `restart: unless-stopped` example above, the container then starts normally on the next restart.
-Set the config directory and run:
+Set an absolute config directory before starting Triggarr:
-Visit [http://localhost:8484](http://localhost:8484) to configure. Config and data files are stored in `TRIGGARR_CONFIG_DIR`.
+Standalone installs store `triggarr.toml`, `state.json`, and `triggarr.db` in `TRIGGARR_CONFIG_DIR`. If the config file does not exist yet, the first `triggarr` run writes a default template and exits; run `triggarr` again, then visit [http://localhost:8484](http://localhost:8484) to complete setup and configure apps.
-All settings live in `/config/triggarr.toml`. You can also edit everything from the web UI at [http://localhost:8484/settings](http://localhost:8484/settings) -- changes are written to the TOML file and take effect immediately without restart.
+Runtime config lives in `${TRIGGARR_CONFIG_DIR}/triggarr.toml`; when `TRIGGARR_CONFIG_DIR` is unset, Triggarr uses `/config/triggarr.toml` for Docker compatibility. The config directory must be an absolute path and must be set before the Triggarr process starts.
+You can edit settings from the web UI at [http://localhost:8484/settings](http://localhost:8484/settings) -- changes are written to the TOML file and take effect immediately without restart. Each app type is a table of named instances, so use nested tables such as `[radarr.Default]` or `[sonarr.Anime]` rather than putting connection fields directly under the app name.
-[radarr]
-[sonarr]
-[lidarr]
+# The web setup flow creates auth.username, auth.password_hash,
+# auth.api_key, and auth.session_secret. Do not copy example secrets.
+[auth]
+method = "Forms"                   # Forms, Basic, External, or Disabled
+[radarr.Default]
+[radarr."4K"]
+[sonarr.Default]
+[lidarr.Default]
+Startup-level environment variables such as `TRIGGARR_CONFIG_DIR`, `TRUSTED_PROXY_IPS`, and `ROOT_PATH` are read by the process before the TOML settings are loaded; they are not stored in `triggarr.toml`.
-Triggarr has **no authentication**. This is intentional.
+Triggarr includes application authentication by default. A fresh config starts in setup mode; the first browser visit redirects to `/setup`, where you create the local username/password and receive a generated API key. After setup, protected browser routes require either a signed `triggarr_session` cookie or another configured auth method.
+### Authentication modes
+Configured in `[auth]` as `method`:
+- `Forms` (default) — browser login page, bcrypt password hash, signed 30-day session cookie, logout, password change, and login rate limiting.
+- `Basic` — HTTP Basic credentials are accepted and can establish the same signed session cookie.
+- `External` — Triggarr bypasses local auth because an upstream reverse proxy or SSO layer has already authenticated and authorized the user; enable it only after direct access to port 8484 is blocked and the proxy is the sole path to Triggarr.
+- `Disabled` — all routes are accessible without Triggarr auth and a warning is logged periodically. Prefer `External` for reverse-proxy deployments.
+Requests may also authenticate with `X-Api-Key` when `auth.api_key` is set. The setup flow and security settings page generate API keys; do not paste real keys into examples or logs.
+- **Application routes** are deny-by-default after setup unless auth is `External` or `Disabled`
+- **API keys and auth secrets** are stored as `SecretStr`, redacted from logs, and not exposed in normal settings HTML
+- **Password hashes** use bcrypt, and session cookies are signed with a generated session secret
-Bind to localhost (`127.0.0.1:8484:8484` as shown in the docker-compose example) and access via Tailscale or a reverse proxy with authentication.
+Keep the compose example's localhost bind (`127.0.0.1:8484:8484`) unless Triggarr is behind Tailscale, a VPN, or a reverse proxy. For proxy/SSO deployments, set `auth.method = "External"` only after confirming the proxy enforces authentication and authorization and is the sole path to Triggarr; keep port 8484 bound to localhost or firewalled from direct clients.
-When running Triggarr behind a reverse proxy (Nginx, Caddy, Traefik, etc.), configure `TRUSTED_PROXY_IPS` so Triggarr trusts the `X-Forwarded-For` and `X-Forwarded-Proto` headers from your proxy. Without this, Triggarr cannot determine the real client IP or protocol, which affects logging and scheme-aware behavior.
+When running Triggarr behind a reverse proxy (Nginx, Caddy, Traefik, etc.), configure `TRUSTED_PROXY_IPS` so Uvicorn accepts forwarded client and scheme headers only from that proxy. Accepted `X-Forwarded-For` values set the client IP; accepted `X-Forwarded-Proto` values become the ASGI request scheme used by scheme-aware behavior such as Secure cookie emission. Without this, Triggarr sees the proxy/default client and protocol. Keep direct access to port 8484 blocked so clients cannot send proxy headers straight to Triggarr.
-      - TRUSTED_PROXY_IPS=172.18.0.1       # Docker network gateway (use 172.18.0.0/16 for the full subnet)
+      - TRUSTED_PROXY_IPS=172.18.0.1       # Prefer the specific proxy IP; use a CIDR only on fully trusted Docker networks
+Triggarr is a single-process automation daemon that connects to configured Radarr, Sonarr, and Lidarr instances. It includes application authentication by default, protects stored service credentials, and is designed for Docker-first deployments with an optional standalone config directory.
+### Authentication and Access Control
+- **Supported auth modes** -- `Forms` (default), `Basic`, `External`, and `Disabled` are configured in `[auth].method`. Use `External` only when a trusted reverse proxy or SSO layer enforces authentication and authorization before traffic reaches Triggarr and direct access to port 8484 is blocked. `Disabled` intentionally removes Triggarr auth and should be limited to already-private networks.
+- **Session cookies** -- browser sessions are signed, HTTP-only, SameSite=Lax cookies with a 30-day max age. Cookies are marked Secure when the ASGI request scheme is HTTPS. Behind a reverse proxy, Uvicorn can translate `X-Forwarded-Proto` into that HTTPS scheme only for peers listed in `TRUSTED_PROXY_IPS`; configure that trust list so forwarded headers are accepted only from expected proxies.
+- **API access** -- requests may authenticate with `X-Api-Key` when `auth.api_key` is configured. API keys are generated by setup/security settings flows and compared using timing-safe checks.
+- **SecretStr for API keys and auth secrets** -- instance API keys, auth API keys, password hashes, and session secrets are stored as Pydantic `SecretStr` fields. Secret values are only unwrapped at explicit use sites such as HTTP client initialization, password/session validation, or API-key comparison.
+- **Settings UI redaction** -- normal settings pages do not expose stored API keys or auth secrets in HTML.
+- **Deny-by-default route protection** -- after setup, non-exempt routes require a valid session, API key, configured Basic credentials, or an explicitly configured External/Disabled mode.
+- **Config directory contract** -- runtime config, state, and SQLite files derive from `TRIGGARR_CONFIG_DIR` when set to an absolute path. When it is unset, Triggarr uses `/config` for Docker compatibility.
+- Set `TRUSTED_PROXY_IPS` to specific proxy IPs or CIDR ranges when using forwarded headers. Do not use `*`, because it lets any client spoof its apparent IP address.
+- Prefer `auth.method = "External"` only for reverse-proxy or SSO deployments where the proxy enforces authentication and authorization and is the only path to Triggarr.
-## Make config directory configurable (GitHub issue)
+No pending TODOs are tracked in this file.
+Previously listed configurable config-directory work has been retired: current code derives `triggarr.toml`, `state.json`, and `triggarr.db` from the absolute `TRIGGARR_CONFIG_DIR` path, with `/config` retained as the Docker-compatible default when the variable is unset.
