== docs accuracy ==
COMMAND: uv run pytest tests/test_docs_accuracy.py -q
....                                                                     [100%]
4 passed in 0.01s
RESULT: label=docs accuracy exit=0 duration_ms=357
== focused v22 migration/config ==
COMMAND: uv run pytest tests/test_config.py -q -k v22 or migrate_v22 or ensure_config_calls_migration or toml_round_trip
.....................                                                    [100%]
21 passed, 33 deselected in 0.02s
RESULT: label=focused v22 migration/config exit=0 duration_ms=373
== config-dir/state/startup/docs integration ==
COMMAND: uv run pytest tests/test_config_dir.py tests/test_state.py tests/test_startup.py tests/test_docs_accuracy.py -q
........................................................                 [100%]
56 passed in 0.13s
RESULT: label=config-dir/state/startup/docs integration exit=0 duration_ms=490
== full pytest ==
COMMAND: uv run pytest tests/ -x -q
........................................................................ [  8%]
........................................................................ [ 16%]
........................................................................ [ 24%]
........................................................................ [ 32%]
........................................................................ [ 41%]
........................................................................ [ 49%]
........................................................................ [ 57%]
........................................................................ [ 65%]
........................................................................ [ 74%]
........................................................................ [ 82%]
........................................................................ [ 90%]
........................................................................ [ 98%]
.........                                                                [100%]
=============================== warnings summary ===============================
tests/test_auth_integration.py: 6 warnings
tests/test_auth_middleware.py: 5 warnings
tests/test_auth_routes.py: 16 warnings
  /Users/julianamacbook/triggarr/.venv/lib/python3.12/site-packages/starlette/testclient.py:445: DeprecationWarning: Setting per-request cookies=<...> is being deprecated, because the expected behaviour on cookie persistence is ambiguous. Set cookies directly on the client instance instead.
    return super().request(

-- Docs: https://docs.pytest.org/en/stable/how-to/capture-warnings.html
873 passed, 27 warnings in 18.21s
RESULT: label=full pytest exit=0 duration_ms=18702
== ruff lint ==
COMMAND: uv run ruff check triggarr/ tests/
All checks passed!
RESULT: label=ruff lint exit=0 duration_ms=50
== stale-claim scan ==
RESULT: label=stale-claim scan exit=0 duration_ms=0 (no matches)
== S06 artifact self-check ==
artifact self-check passed: S06 scope, S02 supersession, human gate, validation evidence, and machine-readable needs-attention gate are present
RESULT: label=S06 artifact self-check exit=0 duration_ms=0
S06 closer verification: PASS
