## triggarr/db.py
3: All public functions accept an ``aiosqlite.Connection`` instead of a
15: import sqlite3
21: import aiosqlite
28: MIGRATIONS: dict[int, tuple[str, Callable[[aiosqlite.Connection], Awaitable[None]]]] = {}
36: async def get_schema_version(db: aiosqlite.Connection) -> int:
48: async def set_schema_version(db: aiosqlite.Connection, version: int) -> None:
54: async def run_migrations(db: aiosqlite.Connection, db_path: Path) -> None:
83: async def _migrate_v1(db: aiosqlite.Connection) -> None:
86:         with contextlib.suppress(sqlite3.OperationalError):
91: async def _migrate_v2(db: aiosqlite.Connection) -> None:
94:         with contextlib.suppress(sqlite3.OperationalError):
99: async def _migrate_v3(db: aiosqlite.Connection) -> None:
120: async def _migrate_v4(db: aiosqlite.Connection) -> None:
127: async def _migrate_v5(db: aiosqlite.Connection) -> None:
129:     with contextlib.suppress(sqlite3.OperationalError):
134: async def _migrate_v6(db: aiosqlite.Connection) -> None:
136:     with contextlib.suppress(sqlite3.OperationalError):
145: async def _migrate_v7(db: aiosqlite.Connection) -> None:
173: async def _migrate_v8(db: aiosqlite.Connection) -> None:
235: async def _migrate_v9(db: aiosqlite.Connection) -> None:
237:     with contextlib.suppress(sqlite3.OperationalError):
239:     with contextlib.suppress(sqlite3.OperationalError):
268: async def init_db(db: aiosqlite.Connection, db_path: Path) -> None:
272:         db: Open aiosqlite connection.
277:     db.row_factory = aiosqlite.Row
303:     db: aiosqlite.Connection,
319:         db: Open aiosqlite connection.
355:     db: aiosqlite.Connection, limit: int = 50, *, instance_id: str | None = None,
360:         db: Open aiosqlite connection.
397:     db: aiosqlite.Connection,
410:         db: Open aiosqlite connection.
501:     db: aiosqlite.Connection, *, instance_id: str | None = None,
510:         db: Open aiosqlite connection.
558:     db: aiosqlite.Connection,
574:         db: Open aiosqlite connection.
628: async def migrate_from_state(db: aiosqlite.Connection, search_log: list[dict]) -> int:
632:         db: Open aiosqlite connection.
661: async def get_dashboard_stats(db: aiosqlite.Connection, *, instance_id: str | None = None) -> dict[str, Any]:
665:         db: Open aiosqlite connection.
## triggarr/tracking.py
11: import aiosqlite
23:     db: aiosqlite.Connection,
35:         db: Open aiosqlite connection.
## triggarr/state.py
29:     """Return the state file path, derived from TRIGGARR_CONFIG_DIR env var.
33:     from triggarr.models.config import get_config_dir
35:     return get_config_dir() / "state.json"
40: # Changing TRIGGARR_CONFIG_DIR after import has no effect on this constant.
162:             the current TRIGGARR_CONFIG_DIR value.
195:             from the current TRIGGARR_CONFIG_DIR value.
## triggarr/web/routes.py
19: import aiosqlite
855:         except (httpx.HTTPError, pydantic.ValidationError, aiosqlite.Error, OSError) as exc:
## triggarr/models/config.py
16: def get_config_dir() -> Path:
17:     """Return the config directory, respecting TRIGGARR_CONFIG_DIR env var.
22:         ValueError: If TRIGGARR_CONFIG_DIR is set to a relative path.
24:     raw = os.environ.get("TRIGGARR_CONFIG_DIR", "/config")
27:         msg = f"TRIGGARR_CONFIG_DIR must be an absolute path, got: {raw}"
34:     return get_config_dir() / "triggarr.toml"
37: CONFIG_DIR = get_config_dir()
40: # Changing TRIGGARR_CONFIG_DIR after import has no effect on these constants.
## triggarr/search/engine.py
16: import aiosqlite
281:     db: aiosqlite.Connection,
299:         db: Open aiosqlite connection for search history persistence.
416:         except (httpx.HTTPError, pydantic.ValidationError, aiosqlite.Error, OSError) as exc:
455:         except (httpx.HTTPError, pydantic.ValidationError, aiosqlite.Error, OSError) as exc:
496:     db: aiosqlite.Connection,
515:         db: Open aiosqlite connection for search history persistence.
630:         except (httpx.HTTPError, pydantic.ValidationError, aiosqlite.Error, OSError) as exc:
675:         except (httpx.HTTPError, pydantic.ValidationError, aiosqlite.Error, OSError) as exc:
718:     db: aiosqlite.Connection,
740:         db: Open aiosqlite connection for search history persistence.
853:         except (httpx.HTTPError, pydantic.ValidationError, aiosqlite.Error, OSError) as exc:
893:         except (httpx.HTTPError, pydantic.ValidationError, aiosqlite.Error, OSError) as exc:
## triggarr/search/scheduler.py
18: import aiosqlite
119:                 except (httpx.HTTPError, pydantic.ValidationError, aiosqlite.Error, OSError) as tracking_exc:
170:         db = await aiosqlite.connect(db_path)
