F                                                                        [100%]
=================================== FAILURES ===================================
______ test_login_post_ignores_spoofed_forwarded_proto_for_secure_cookie _______

    def test_login_post_ignores_spoofed_forwarded_proto_for_secure_cookie():
        """HTTP login with spoofed X-Forwarded-Proto must not set a Secure cookie."""
        app = _make_route_app(auth_config=_configured_auth())
        client = TestClient(app, follow_redirects=False)
        response = client.post(
            "/login",
            data={"username": "admin", "password": _TEST_PASSWORD, "next": ""},
            headers={"X-Forwarded-Proto": "https"},
        )
        assert response.status_code == 303
        set_cookie = response.headers.get("set-cookie", "")
        assert "triggarr_session" in set_cookie
>       assert "Secure" not in set_cookie
E       AssertionError: assert 'Secure' not in 'triggarr_se...=lax; Secure'
E         
E         'Secure' is contained here:
E           eSite=lax; Secure
E         ?            ++++++

tests/test_auth_routes.py:424: AssertionError
----------------------------- Captured stderr call -----------------------------
2026-05-05 18:33:06.272 | INFO     | triggarr.web.routes:login_post:1262 - Login successful
=========================== short test summary info ============================
FAILED tests/test_auth_routes.py::test_login_post_ignores_spoofed_forwarded_proto_for_secure_cookie
1 failed in 0.41s
